=== ACTIVE PROCESSES ===
root      231186  0.0  0.0   7752  3548 ?        S    23:19   0:00 bash /home/labadmin/download_and_quarantine_models.sh
=== LOG TAIL ===
203750K .......... .......... .......... .......... ..........  1%  639K 7h39m
203800K .......... .......... .......... .......... ..........  1%  563K 7h39m
203850K .......... .......... .......... .......... ..........  1%  424K 7h39m
203900K .......... .......... .......... .......... ..........  1%  621K 7h39m
203950K .......... .......... .......... .......... ..........  1%  545K 7h39m
204000K .......... .......... .......... .......... ..........  1%  682K 7h39m
204050K .......... .......... .......... .......... ..........  1%  606K 7h39m
204100K .......... .......... .......... .......... ..........  1%  556K 7h39m
204150K .......... .......... .......... .......... ..........  1%  678K 7h39m
204200K .......... .......... .......... .......... ..........  1%  569K 7h39m
204250K .......... .......... .......... .......... ..........  1%  504K 7h39m
204300K .......... .......... .......... .......... ..........  1%  657K 7h39m
204350K .......... .......... .......... .......... ..........  1%  723K 7h39m
204400K .......... .......... .......... .......... ..........  1%  712K 7h39m
204450K .......... .......... .......... .......... ..........  1%  753K 7h39m
204500K .......... .......... .......... .......... ..........  1%  461K 7h39m
204550K .......... .......... .......... .......... ..........  1%  472K 7h39m
204600K .......... .......... .......... .......... ..........  1%  822K 7h39m
204650K .......... .......... .......... .......... ..........  1%  349K 7h39m
204700K .......... .......... .......... .......... ..........  1%  720K 7h39m
204750K .......... .......... .......... .......... ..........  1%  689K 7h39m
204800K .......... .......... .......... .......... ..........  1% 1.02M 7h39m
204850K .......... .......... .......... .......... ..........  1%  579K 7h39m
204900K .......... .......... .......... .......... ..........  1%  602K 7h39m
204950K .......... .......... .=== MODEL DIRECTORY SIZES ===
Filesystem      Size  Used Avail Use% Mounted on
/dev/sda1       290G   37G  253G  13% /
