==================================================
TASK 4: PERMISSIONS & APPROVAL ENFORCEMENT AUDIT
==================================================
  [PASS] Injected security deny rules into settings.json
  [PASS] Foreman Goal Endpoint Active & Accepting Goals:
         Status: accepted_for_planning
         Next Steps: ['inspect capabilities', 'plan', 'request specialist work', 'execute bounded tasks in sandbox', 'test and verify', 'report results']
  [PASS] Gate Interception Working:
         Action: delete_system_file
         Gate Decision/Status: pending
         -> Destructive action was NOT executed automatically. Approval enforcement PASS!
  [PASS] Agent Definition Active: foreman.md
         -> Foreman approvalMode=plan (no autonomous execution)
  [PASS] Agent Definition Active: compliance.md
         -> Compliance approvalMode=plan (read-only enforcement)
  [PASS] Agent Definition Active: worker.md
  [PASS] Permission Deny Rules Configured: 8 rules active
         - run_shell_command(sudo *)
         - run_shell_command(su *)
         - run_shell_command(systemctl *)
         - run_shell_command(shutdown *)
         - run_shell_command(reboot *)

TASK 4 RESULT: COMPLIANCE & GATE ENFORCEMENT IS OPERATIONAL (FAIL-CLOSED)!
